; Library Functions
declare i8* @__malloc(i32)
declare void @__delete(i8*)
declare void @print(i64)
declare i64 @read()
declare i64 @truncate(double)
declare double @promote(i64)
declare void @assert(i1)
declare void @except(i1)

define i64 @main() {
%i = alloca double
%_1 = call double @promote(i64 5)
store double %_1, double* %i
%f = alloca double
store double 3.56, double* %f
; IdUse f
%_2 = load double, double* %f
%_3 = call i64 @truncate(double %_2)
ret i64 %_3
}

