; Library Functions
declare i8* @__malloc(i32)
declare void @__delete(i8*)
declare void @print(i64)
declare i64 @read()
declare i64 @truncate(double)
declare double @promote(i64)
declare void @assert(i1)
declare void @except(i1)

define i64 @main() {
%a = alloca i64
store i64 1, i64* %a
%_2 = add i64 0, 1
%_1 = icmp eq i64 1, %_2
br i1 %_1, label %if1_then, label %if1_else
if1_then:
%_3 = sub i64 3, 3
store i64 %_3, i64* %a
br label %if1_end
if1_else:
%_4 = add i64 1, 2
store i64 %_4, i64* %a
br label %if1_end
if1_end:
; IdUse a
%_5 = load i64, i64* %a
ret i64 %_5
}

define void @f() {
br i1 1, label %if1_then, label %if1_end
if1_then:
br label %if1_end
if1_end:
ret void
}

