; Library Functions
declare void @print(i64)
declare i64 @read()
declare i64 @truncate(double)
declare double @promote(i64)
declare void @assert(i1)
declare void @except(i1)

define i64 @main() {
%a = alloca i64
%_t4 = sub i64 22, 3
%_t3 = mul i64 %_t4, 2
%_t2 = sdiv i64 %_t3, 2
%_t1 = srem i64 %_t2, 3
store i64 %_t1, i64* %a
%b = alloca double
%_t8 = fsub double 22.0, 3.5
%_t7 = fmul double %_t8, 2.1
%_t6 = fdiv double %_t7, 2.3
%_t5 = fdiv double %_t6, 3.75
store double %_t5, double* %b
ret i64 0
}

