; Library Functions
declare i8* @__malloc(i32)
declare void @__delete(i8*)
declare void @print(i64)
declare i64 @read()
declare i64 @truncate(double)
declare double @promote(i64)
declare void @assert(i1)
declare void @except(i1)

%st_type = type {
  i64,
  i64
}

define i64 @main() {
%s = alloca %st_type*
%_1 = getelementptr %st_type, %st_type* null, i32 1
%_2 = ptrtoint %st_type* %_1 to i32
%_3 = call i8* @__malloc(i32 %_2)
%_4 = bitcast i8* %_3 to %st_type*
store %st_type* %_4, %st_type** %s
; IdUse s
%_5 = load %st_type*, %st_type** %s
%_6 = bitcast %st_type* %_5 to i8*
call void @__delete(i8* %_6)
; IdUse s
%_7 = load %st_type*, %st_type** %s
; StructIdUse a
%_8 = getelementptr %st_type, %st_type* %_7, i32 0, i32 0
%_9 = load i64, i64* %_8
ret i64 %_9
; IdUse s
%_10 = load %st_type*, %st_type** %s
%_11 = bitcast %st_type* %_10 to i8*
call void @__delete(i8* %_11)
ret i64 0
}

