Program
  List
    Function
      IdDecl
        TypeId
      List
      Block
        List
          AssignStmt
            IdUse
            FuncExpr
              IdUse
              List
                IntLiteral
          AssignStmt
            IdUse
            FuncExpr
              IdUse
              List
                StringLiteral
