Program 
  List 1 item(s)
    Function main()
      IdDecl int main
        TypeId int
      List 0 item(s)
      Block 2 statement(s)
        List 2 item(s)
          AssignStmt var1 = square(2);
            IdUse var1
            FuncExpr square(2)
              IdUse square
              List 1 item(s)
                IntLiteral 2
          AssignStmt var2 = print("string");
            IdUse var2
            FuncExpr print("string")
              IdUse print
              List 1 item(s)
                StringLiteral "string"
