Program
  List
    Function
      TypeId
      IdDecl
      List
      Block
        List
          AssignStmt
            IdUse
            FuncExpr
              IdUse
              List
                IntLiteral
          AssignStmt
            IdUse
            FuncExpr
              IdUse
              List
                StringLiteral
