Program
  List
    FunctionUnit
      Function
        TypeId
        IdDecl
        List
        Block
          List
            DeclareStmt
              TypeId
              IdDecl
              Opt
            AssignStmt
              IdUse
              AddExpr
                IntLiteral
                MulExpr
                  IntLiteral
                  IntLiteral
