Program 
  List 1 item(s)
    Function main()
      IdDecl int main
        TypeId int
      List 0 item(s)
      Block 1 statement(s)
        List 1 item(s)
          WhileStmt !true
            NotExpr !true
              BoolLiteral true
            Block 2 statement(s)
              List 2 item(s)
                ContinueStmt continue;
                BreakStmt break;
