Program 
  List 1 item(s)
    Function main()
      IdDecl int main
        TypeId int
      List 0 item(s)
      Block body
        List 1 item(s)
          WhileStmt (!true)
            NotExpr !true
              BoolLiteral true
            Block loop
              List 2 item(s)
                ContinueStmt continue;
                BreakStmt break;
