Program
  List
    Function
      IdDecl
        TypeId
      List
        Argument
          IdDecl
            TypeId
        Argument
          IdDecl
            TypeId
      Block
        List
          WhileStmt
            NotEqualsExpr
              IdExpr
                IdUse
              IdExpr
                IdUse
            Block
              List
                IfStmt
                  GreaterExpr
                    IdExpr
                      IdUse
                    IdExpr
                      IdUse
                  Block
                    List
                      AssignStmt
                        IdUse
                        SubExpr
                          IdExpr
                            IdUse
                          IdExpr
                            IdUse
                  Opt
                    Block
                      List
                        AssignStmt
                          IdUse
                          SubExpr
                            IdExpr
                              IdUse
                            IdExpr
                              IdUse
          ReturnStmt
            Opt
              IdExpr
                IdUse
    Function
      IdDecl
        TypeId
      List
        Argument
          IdDecl
            TypeId
        Argument
          IdDecl
            TypeId
      Block
        List
          IfStmt
            EqualsExpr
              IdExpr
                IdUse
              IntLiteral
            Block
              List
                ReturnStmt
                  Opt
                    IdExpr
                      IdUse
            Opt
          ReturnStmt
            Opt
              FuncExpr
                IdUse
                List
                  IdExpr
                    IdUse
                  ModExpr
                    IdExpr
                      IdUse
                    IdExpr
                      IdUse
    Function
      IdDecl
        TypeId
      List
      Block
        List
          DeclareStmt
            IdDecl
              TypeId
            Opt
          DeclareStmt
            IdDecl
              TypeId
            Opt
          AssignStmt
            IdUse
            FuncExpr
              IdUse
              List
          AssignStmt
            IdUse
            FuncExpr
              IdUse
              List
          CallStmt
            FuncExpr
              IdUse
              List
                FuncExpr
                  IdUse
                  List
                    IdExpr
                      IdUse
                    IdExpr
                      IdUse
          CallStmt
            FuncExpr
              IdUse
              List
                FuncExpr
                  IdUse
                  List
                    IdExpr
                      IdUse
                    IdExpr
                      IdUse
          DeclareStmt
            IdDecl
              TypeId
            Opt
              SubExpr
                FuncExpr
                  IdUse
                  List
                    IdExpr
                      IdUse
                    IdExpr
                      IdUse
                FuncExpr
                  IdUse
                  List
                    IdExpr
                      IdUse
                    IdExpr
                      IdUse
          CallStmt
            FuncExpr
              IdUse
              List
                IdExpr
                  IdUse
          ReturnStmt
            Opt
              IntLiteral
