Program
  List
    Function
      IdDecl
        TypeId
      List
        Argument
          IdDecl
            TypeId
        Argument
          IdDecl
            TypeId
      Block
        List
          WhileStmt
            NotEqualsExpr
              IdUse
              IdUse
            Block
              List
                IfStmt
                  GreaterExpr
                    IdUse
                    IdUse
                  Block
                    List
                      AssignStmt
                        IdUse
                        SubExpr
                          IdUse
                          IdUse
                  Opt
                    Block
                      List
                        AssignStmt
                          IdUse
                          SubExpr
                            IdUse
                            IdUse
          ReturnStmt
            Opt
              IdUse
    Function
      IdDecl
        TypeId
      List
        Argument
          IdDecl
            TypeId
        Argument
          IdDecl
            TypeId
      Block
        List
          IfStmt
            EqualsExpr
              IdUse
              IntLiteral
            Block
              List
                ReturnStmt
                  Opt
                    IdUse
            Opt
          ReturnStmt
            Opt
              FuncExpr
                IdUse
                List
                  IdUse
                  ModExpr
                    IdUse
                    IdUse
    Function
      IdDecl
        TypeId
      List
      Block
        List
          DeclareStmt
            IdDecl
              TypeId
            Opt
          DeclareStmt
            IdDecl
              TypeId
            Opt
          AssignStmt
            IdUse
            FuncExpr
              IdUse
              List
          AssignStmt
            IdUse
            FuncExpr
              IdUse
              List
          CallStmt
            FuncExpr
              IdUse
              List
                FuncExpr
                  IdUse
                  List
                    IdUse
                    IdUse
          CallStmt
            FuncExpr
              IdUse
              List
                FuncExpr
                  IdUse
                  List
                    IdUse
                    IdUse
          DeclareStmt
            IdDecl
              TypeId
            Opt
              SubExpr
                FuncExpr
                  IdUse
                  List
                    IdUse
                    IdUse
                FuncExpr
                  IdUse
                  List
                    IdUse
                    IdUse
          CallStmt
            FuncExpr
              IdUse
              List
                IdUse
          ReturnStmt
            Opt
              IntLiteral
