Program
  List
    Function
      TypeId
      IdDecl
      List
        ArgDef
          TypeId
          IdDecl
        ArgDef
          TypeId
          IdDecl
      Block
        List
          WhileStmt
            NotEqualsExpr
              IdExpr
                IdUse
              IdExpr
                IdUse
            Block
              List
                IfStmt
                  GreaterExpr
                    IdExpr
                      IdUse
                    IdExpr
                      IdUse
                  Block
                    List
                      AssignStmt
                        IdUse
                        SubExpr
                          IdExpr
                            IdUse
                          IdExpr
                            IdUse
                  Opt
                    Block
                      List
                        AssignStmt
                          IdUse
                          SubExpr
                            IdExpr
                              IdUse
                            IdExpr
                              IdUse
          ReturnStmt
            Opt
              IdExpr
                IdUse
    Function
      TypeId
      IdDecl
      List
        ArgDef
          TypeId
          IdDecl
        ArgDef
          TypeId
          IdDecl
      Block
        List
          IfStmt
            EqualsExpr
              IdExpr
                IdUse
              Numeral
            Block
              List
                ReturnStmt
                  Opt
                    IdExpr
                      IdUse
            Opt
          ReturnStmt
            Opt
              FuncExpr
                IdUse
                List
                  IdExpr
                    IdUse
                  ModExpr
                    IdExpr
                      IdUse
                    IdExpr
                      IdUse
    Function
      TypeId
      IdDecl
      List
      Block
        List
          DeclareStmt
            TypeId
            IdDecl
            Opt
          DeclareStmt
            TypeId
            IdDecl
            Opt
          AssignStmt
            IdUse
            FuncExpr
              IdUse
              List
          AssignStmt
            IdUse
            FuncExpr
              IdUse
              List
          CallStmt
            FuncExpr
              IdUse
              List
                FuncExpr
                  IdUse
                  List
                    IdExpr
                      IdUse
                    IdExpr
                      IdUse
          CallStmt
            FuncExpr
              IdUse
              List
                FuncExpr
                  IdUse
                  List
                    IdExpr
                      IdUse
                    IdExpr
                      IdUse
          DeclareStmt
            TypeId
            IdDecl
            Opt
              SubExpr
                FuncExpr
                  IdUse
                  List
                    IdExpr
                      IdUse
                    IdExpr
                      IdUse
                FuncExpr
                  IdUse
                  List
                    IdExpr
                      IdUse
                    IdExpr
                      IdUse
          CallStmt
            FuncExpr
              IdUse
              List
                IdExpr
                  IdUse
          ReturnStmt
            Opt
              Numeral
