Program
  List
    Struct
      TypeDecl
      List
        StructVar
          IdDecl
            TypeId
        StructVar
          IdDecl
            TypeId
    Function
      IdDecl
        TypeId
      List
        Argument
          IdDecl
            TypeId
      Block
        List
          ReturnStmt
            Opt
              FloatLiteral
    Function
      IdDecl
        TypeId
      List
      Block
        List
          DeclareStmt
            IdDecl
              TypeId
            Opt
          AssignStmt
            StructIdUse
              IdUse
            FloatLiteral
          DeclareStmt
            IdDecl
              TypeId
            Opt
              AddExpr
                MulExpr
                  IdExpr
                    StructIdUse
                      IdUse
                  IdExpr
                    StructIdUse
                      IdUse
                MulExpr
                  IdExpr
                    StructIdUse
                      IdUse
                  IdExpr
                    StructIdUse
                      IdUse
          DeclareStmt
            IdDecl
              TypeId
            Opt
              FuncExpr
                IdUse
                List
                  IdExpr
                    IdUse
