Program
  List
    Function
      TypeId
      IdDecl
      List
      Block
        List
          CallStmt
            FuncExpr
              IdUse
              List
          CallStmt
            FuncExpr
              IdUse
              List
                IntLiteral
          CallStmt
            FuncExpr
              IdUse
              List
                IntLiteral
                IntLiteral
