Program 
  List 1 item(s)
    Function main()
      IdDecl int main
        TypeId int
      List 0 item(s)
      Block body
        List 1 item(s)
          IfStmt false
            BoolLiteral false
            Block then
              List 0 item(s)
            Opt ?
              Block else
                List 0 item(s)
