Program
  List
    FunctionUnit
      Function
        TypeId
        IdDecl
        List
        Block
          List
            IfStmt
              IdUse
              Block
                List
                  IfStmt
                    IdUse
                    Block
                      List
                        AssignStmt
                          IdUse
                          IntLiteral
                    Opt
                      Block
                        List
                          AssignStmt
                            IdUse
                            IntLiteral
              Opt
                Block
                  List
                    AssignStmt
                      IdUse
                      IntLiteral
