Program
  List
    Function
      IdDecl
        TypeId
      List
      Block
        List
          IfStmt
            IdExpr
              IdUse
            Block
              List
                IfStmt
                  IdExpr
                    IdUse
                  Block
                    List
                      AssignStmt
                        IdUse
                        IntLiteral
                  Opt
                    Block
                      List
                        AssignStmt
                          IdUse
                          IntLiteral
            Opt
              Block
                List
                  AssignStmt
                    IdUse
                    IntLiteral
