Program 
  List 2 item(s)
    Function main()
      IdDecl int main
        TypeId int
      List 0 item(s)
      Block body
        List 0 item(s)
    Function square(int)
      IdDecl int square
        TypeId int
      List 1 item(s)
        Argument 
          IdDecl int x
            TypeId int
      Block body
        List 0 item(s)
