Program 
  List 1 item(s)
    Struct hello_world
      TypeDecl hello_world
      List 3 item(s)
        Field 
          IdDecl int integer
            TypeId int
        Field 
          IdDecl bool boolean
            TypeId bool
        Field 
          IdDecl float decimal
            TypeId float
