Program
  List
    Struct
      IdDecl
      List
        StructVar
          TypeId
          IdDecl
        StructVar
          TypeId
          IdDecl
        StructFunc
          Function
            TypeId
            IdDecl
            List
            Block
              List
                AssignStmt
                  IdUse
                  IdUse
        StructFunc
          Function
            TypeId
            IdDecl
            List
            Block
              List
    Function
      TypeId
      IdDecl
      List
      Block
        List
          DeclareStmt
            TypeId
            IdDecl
            Opt
