Program
  List
    Struct
      TypeDecl
      List
        StructVar
          IdDecl
            TypeId
    Struct
      TypeDecl
      List
        StructVar
          IdDecl
            TypeId
        StructVar
          IdDecl
            TypeId
    Function
      IdDecl
        TypeId
      List
      Block
        List
          DeclareStmt
            IdDecl
              TypeId
            Opt
          AssignStmt
            StructIdUse
              IdUse
            IntLiteral
          AssignStmt
            StructIdUse
              StructIdUse
                IdUse
            BoolLiteral
